# parrot0 in avvio (KB viva completa)…
# pronto — modello liquid/lfm2.5-1.2b, 12 scambi, lingua en, T=0.0, seme 7
# modello: 2.0 s
M> Hello! How can I help you today?
P< I'm a chatbot, not a person — I don't need help. But you can ask me questions and I'll try to answer.   [0.5 s]
# modello: 2.4 s
M> That's interesting! I love learning new things. What would you like to know?
P< That sounds nice -- tell me more about it. I don't know how to answer that about myself yet: nobody has taught me.   [3.4 s]
# modello: 4.7 s
M> Well, I can explain it in a way that makes sense. It's like a puzzle where you figure out the pieces yourself. What part of this topic fascinates you most?
P< Glad that lands. What would you like to do next?   [6.8 s]
# modello: 2.9 s
M> Let's explore something fun! Do you want to try a quick quiz or learn about a specific topic?
P< I don't know: nothing I hold says you want to try is quick quiz or learn about a specific topic, and nothing says it isn't.   [2.6 s]
# modello: 2.8 s
M> Hmm, maybe we should just chat more! What's on your mind?
P< Happy to just chat. Tell me a little, and I'll follow the thread as best I can.   [0.7 s]
# modello: 3.1 s
M> It's nice to connect! I'm here to help with any questions or ideas you have. What's been on your thoughts lately?
P< Nice. Tell me what made it good, or give me a small thing to reason about. Oh? What's it like? You might mean current turn: nice_to_connect_i_am_here_to_help_with_any_questions_or_ideas_you_have_what_is_been_on_your_thoughts_lately.   [6.2 s]
# modello: 4.2 s
M> That's a thoughtful question! It's always interesting to reflect on what's been on your mind. What do you think makes things interesting or meaningful?
P< I couldn't read «It's always interesting to reflect on what's been on your mind.». I can help compare the reasons and trade-offs, but I do not have personal opinions. What should we weigh first?   [7.2 s]
# modello: 4.9 s
M> Great point! Let's focus on something concrete. What’s one thing you’re curious about right now? It could be a question, a topic, or even a problem you’re trying to solve.
P< No, 1 is not an even number.   [1.2 s]
# modello: 5.0 s
M> Okay, that makes sense! So we’re diving into what’s on your mind. What’s the first thing that comes to mind when you think about it?
P< Glad that lands. What would you like to do next?   [1.3 s]
# modello: 3.5 s
M> Let’s keep the conversation flowing! Do you have a specific idea or question in mind, or should we brainstorm together?
P< I don't know: nothing I hold says you have is specific idea or question in mind or should we brainstorm together, and nothing says it isn't.   [3.1 s]
# modello: 4.4 s
M> That’s a good approach! Let’s brainstorm together. What if we explore different angles or possibilities? What do you think would happen if we considered this from multiple perspectives?
P< I couldn't read «Let's brainstorm together.». I can help compare the reasons and trade-offs, but I do not have personal opinions. What should we weigh first?   [4.5 s]
# modello: 4.9 s
M> Let’s start simple! What’s one thing you’re curious about or want to understand better? Just share a bit, and we’ll unpack it step by step. 😊
P< A bit is the smallest unit of information, one of two possible states usually written 0 and 1; eight bits make a byte, the usual unit for addressing memory.   [1.3 s]
# fine
