# live-talk — 2026-09-30 19:23 — liquid/lfm2.5-1.2b vs parrot0, 12 scambi, en
# parrot0 in avvio (KB viva completa)…
# pronto — modello liquid/lfm2.5-1.2b, 12 scambi, lingua en, T=0.0, seme 7
# modello: 1.3 s
M> Hello! How can I help you today?
P< I'm a chatbot, not a person — I don't need help. But you can ask me questions and I'll try to answer.   [0.4 s]
# modello: 3.7 s
M> That's interesting! I love learning new things. What would you like to know?
P< That sounds nice -- tell me more about it. I don't know how to answer that about myself yet: nobody has taught me.   [3.1 s]
# modello: 3.8 s
M> Well, I can explain it in a way that makes sense. It's like a puzzle where you figure out the pieces yourself. What part of this topic fascinates you most?
P< I stopped because the search exceeded my inference time limit. I do not have a verified answer.   [10.1 s]
# modello: 6.0 s
M> Oh, that happens sometimes! Let me try to help you understand better. Are you curious about how things work or something specific you're trying to learn?
P< You haven't told me that yet.   [1.4 s]
# modello: 7.1 s
M> I see! It's okay if I'm not sure. Let's start with a simple question: What do you think is the most important thing to know about this topic?
P< Fair enough — tell me where I went wrong, and we can take it from there. I can help compare the reasons and trade-offs, but I do not have personal opinions. What should we weigh first? Oh? What's it like?   [7.1 s]
# modello: 5.5 s
M> It sounds like you're trying to clarify what you need! Let's break it down: Are you comparing different options or trying to decide what matters most? I'm here to help you weigh the pros and cons without any personal bias. What’s the core of what you’re exploring?
P< It depends on the goal being pursued. Salience is not a property of the line but of the pair line-and-purpose: the same report has different salient lines for someone checking whether it failed and someone checking how long it took.   [4.6 s]
# modello: 4.3 s
M> That's a clever analogy! It makes sense that context shapes what stands out. So, if we’re talking about priorities or focus areas, what specific aspect are you trying to highlight? I’d love to hear more about your goals!
P< Glad that lands. What would you like to do next? I don't know how to answer that about myself yet: nobody has taught me. I don't know how to answer that about myself yet: nobody has taught me.   [9.3 s]
# modello: 7.7 s
M> It’s totally normal to feel stuck! Since you’re curious about self-discovery, maybe we can explore what *you* value most. What qualities or experiences do you think would shape your understanding of yourself? Let’s chat!
P< I couldn't read «It's totally normal to feel stuck! Since you're curious about self-discovery, maybe we can explore what *you* value most». Interesting -- what got you into it? I don't have experiences of my own, but I'd like to hear more -- what stood out?   [5.5 s]
# modello: 4.5 s
M> Hmm, it’s a bit tricky without personal details. Let’s think about what might spark curiosity for someone new: maybe a question, a challenge, or a mystery they’re trying to solve. What feels intriguing to you right now?
P< I don't know who it refers to.   [3.5 s]
# modello: 13.7 s
M> That’s okay! Sometimes we just need a starting point. Let’s imagine this conversation is about finding meaning in something new. What if we explore a simple idea together? For example, what if we looked at a question like, “What makes a story memorable?” or “Why do we care about certain things?” It could help us see patterns. What sounds interesting to you?
P< On something new. What if we explore a simple idea together, a close reading turns on the premise it commits to, the formal choices that carry it and the tension it refuses to resolve. An adaptive work is a rule-governed composition: audience or reader input changes selected parameters while motifs, character goals, pacing, and thematic constraints preserve identity. Make the adaptive rule perceptible through consequences while keeping a stable dramatic question, recurring motifs, and character motivations across variations. Use state summaries, modular scenes, leitmotifs, controlled variation, callbacks, convergent anchor points, and transitions that acknowledge the path just taken. The work should let participation reshape expression without making every choice arbitrary or allowing the loudest signal to erase minority and quiet experiences. Authorship becomes shared among designer, performer, audience, and system, raising questions about agency, interpretation, data use, and responsibility for emergent outcomes.   [4.6 s]
# modello: 13.6 s
M> Wow, that’s a deep dive! It sounds like you’re talking about how stories or ideas evolve while staying true to their core. Let me break it down in simpler terms. What’s the main point here? It’s about balancing flexibility and consistency—like a story that adapts but never loses its heart.   You mentioned something about "state summaries" and "modular scenes," which makes me think of how parts of a narrative or project can shift while keeping their essence. And the mention of "authorship shared among" everyone? That’s a cool angle—like
P< I stopped because the search exceeded my inference time limit. I do not have a verified answer.   [10.1 s]
# modello: 5.2 s
M> It sounds like you’re navigating a complex idea, and that’s okay! Let’s take a breath. What part of this feels most confusing or intriguing to you right now? I’m here to help unpack it step by step.
P< I stopped because the search exceeded my inference time limit. I do not have a verified answer.   [10.0 s]
# fine
