# live-talk — 2026-09-30 01:22 — liquid/lfm2.5-1.2b vs parrot0, 12 scambi, en
# parrot0 in avvio (KB viva completa)…
# pronto — modello liquid/lfm2.5-1.2b, 12 scambi, lingua en, T=0.0
# modello: 1.2 s
M> Hello! How can I help you today?
P< I'm a chatbot, not a person — I don't need help. But you can ask me questions and I'll try to answer.   [0.7 s]
# modello: 2.3 s
M> That's interesting! I love learning new things. What would you like to know?
P< That sounds nice -- tell me more about it. I don't know how to answer that about myself yet: nobody has taught me.   [4.2 s]
# modello: 4.2 s
M> Well, I can explain it in a way that makes sense. It's like a puzzle where you figure out the pieces yourself. What part of this topic fascinates you most?
P< I stopped because the search exceeded my inference time limit. I do not have a verified answer.   [10.1 s]
# modello: 3.8 s
M> Oh, that happens sometimes! Let me try to help you understand better. Are you curious about how things work or something specific you're trying to learn?
P< You haven't told me that yet.   [1.8 s]
# modello: 4.0 s
M> I see! It's okay if I'm not sure. Let's start with a simple question: What do you think is the most important thing to know about this topic?
P< No, I can't see: I have no body.   [1.9 s]
# modello: 3.4 s
M> Hmm, that's a good point. Sometimes we need to think about it differently. Do you want to explore something fun or interesting today?
P< Glad that lands. What would you like to do next?   [1.7 s]
# modello: 3.1 s
M> Let's try a quick experiment! I'll ask you a question and wait for your answer. Ready? 🤔
P< I didn't keep that: «let's_try_a_quick_experiment_i'll» and «you_a_question» don't read as things I can hold a fact about. I'm enjoying this — what's on your mind?   [4.6 s]
# modello: 2.6 s
M> Great! Let's try something simple. What's one thing you're curious about right now? 🌟
P< Ha, you're playful! Ask me something?   [1.3 s]
# modello: 2.6 s
M> Why do you think some things are easier to understand than others? It's a tricky question! 😊
P< Ask me whether something holds first — then I can tell you how I know it and what would change my mind.   [1.6 s]
# modello: 2.8 s
M> Let's break it down! What do you think is the most important thing about this topic? 🤔
P< I can help compare the reasons and trade-offs, but I do not have personal opinions. What should we weigh first?   [1.9 s]
# modello: 3.6 s
M> That’s a thoughtful approach! Let’s focus on one key factor—like clarity or practicality. Which aspect matters most to you? 😊
P< It depends on the goal being pursued. Salience is not a property of the line but of the pair line-and-purpose: the same report has different salient lines for someone checking whether it failed and someone checking how long it took.   [0.9 s]
# modello: 4.5 s
M> Wow, that's a clever analogy! So clarity depends on what you're trying to achieve. What’s your main goal here? I’m all ears! 🎯
P< I looked up «depends» but found nothing. If you know it, teach me: «depends is defined as …». goal is the destination or endpoint -- walk to the store.   [9.0 s]
# fine
