# parrot0 in avvio (KB viva completa)…
# pronto — modello liquid/lfm2.5-1.2b, 12 scambi, lingua en, T=0.0, seme 7
# fine
# parrot0 in avvio (KB viva completa)…
# pronto — modello liquid/lfm2.5-1.2b, 12 scambi, lingua en, T=0.0, seme 7
# modello: 2.1 s
M> Hello! How can I help you today?
P< I'm a chatbot, not a person — I don't need help. But you can ask me questions and I'll try to answer.   [0.4 s]
# modello: 4.0 s
M> That's interesting! I love learning new things. What would you like to know?
P< That sounds nice -- tell me more about it. I don't know how to answer that about myself yet: nobody has taught me.   [2.1 s]
# modello: 5.9 s
M> Well, I can explain it in a way that makes sense. It's like a puzzle where you figure out the pieces yourself. What part of this topic fascinates you most?
P< Glad that lands. What would you like to do next?   [6.2 s]
# modello: 2.1 s
M> Let's explore something fun! Do you want to try a quick quiz or learn about a specific topic?
P< Oh? What's it like?   [1.1 s]
# modello: 2.5 s
M> It's interactive and easy to understand! We can pick a subject, and I'll share facts or stories. What sounds interesting?
P< I looked up «understand» but found nothing. If you know it, teach me: «understand is defined as …». Learned: i'll share facts. I couldn't read «What sounds interesting?».   [5.8 s]
# modello: 6.2 s
M> Great! "Understand" means to grasp or comprehend something fully. It's like solving a puzzle piece by piece. Want to try an example?
P< I found the teaching pivot, but I cannot align the same variables exactly once on both sides to roles I know. I have not learned the construction.   [1.0 s]
# modello: 3.0 s
M> Ah, I see! It’s about matching parts of ideas correctly. Let me clarify with a simple example. What’s the key here?
P< Here is a held-out dialogue I would run (fresh names; an external agent fills and runs it, I do not): > every brave knight is a hero > aldric is a knight > is aldric a hero? > why isn't aldric a hero? > aldric is brave > how robust is that conclusion?   [0.8 s]
# modello: 4.9 s
M> That’s a clever question! The conclusion depends on definitions. If "hero" requires more than just bravery, then Aldric might not fit. But if we’re strict about the rules, it could be. Want to dig deeper into the logic?
P< Socrates is mortal. I couldn't read «If "hero" requires more than just bravery». I couldn't read «Aldric might not fit». I couldn't read «But if we're strict about the rules, it could be». I couldn't read «Want to dig deeper into the logic?».   [5.7 s]
# modello: 2.9 s
M> Exactly! Logic can be tricky. What’s the core here? Let’s break it down step by step. Want to test another example?
P< Glad that lands. What would you like to do next? I don't know much about core here let's break lets yet, and the network is off, so I can't read about it now. I couldn't read «Want to test another example?».   [7.1 s]
# modello: 3.2 s
M> Alright! Let’s keep it simple. How about we brainstorm a fun fact or idea together? What’s something you’re curious about?
P< Noted: I will keep that register from here on.   [0.6 s]
# modello: 2.2 s
M> Got it! I’m ready whenever you are. Keep me in mind for your next question. 😊
P< I looked up «deeper» but found nothing. If you know it, teach me: «deeper is defined as …». Interesting -- what got you into it? I couldn't read «Keep me in mind for your next question». That's just punctuation, not words — what would you like to ask?   [2.7 s]
# modello: 4.0 s
M> Hmm, maybe you're testing my patience! Let’s pivot. What’s the first thing that comes to mind when you think about "understanding" or "deeper"? Just a thought!
P< No pressure — we can take it slowly. What's on your mind? I don't know how to answer that about myself yet: nobody has taught me.   [5.2 s]
# fine
