# replay di docs/sessions/talk/2026-10-01-l5-duration-transfer.log — radice /home/francesco/Develop/_/parrot0, 12 turni
M> Hey there! I just got back from a walk in the park. Do you like being outside?
P< In reality, I cannot go outside. In my imagination, I enjoy long walks in a quiet park. What appeals to you about that?   [0.9 s]
M> That's interesting! I don't have feelings or tastes, but I'm always learning and processing information. What about you?
P< Held: i does not have feelings or tastes. In my imagination, I find learning fascinating. What appeals to you about that? Oh? What's it like?   [3.7 s]
M> It's a bit different from what you might expect! I process information and respond based on patterns, not emotions. It's like having a super-fast thinker! What do you find most fascinating about AI?
P< Learned: im is a bit. I couldn't read «I process information and respond based on patterns, not emotions.». Held: it is similar to having a super-fast thinker. Interesting -- what got you into it?   [7.3 s]
M> Oh no! That happens sometimes. Let me try to help again. Are you looking for a specific type of information or just curious?
P< All right, I won't look it up. Learned: causes(that, sometimes.). I couldn't read «Let me try to help again.». In my imagination, I am curious about how things came to be. What appeals to you about that?   [2.9 s]
M> That's a good observation! Sometimes we just want to explore ideas. What's on your mind now?
P< I couldn't read «Sometimes we just want to explore ideas.». I have not pictured that yet. In my imagination, I find old maps fascinating. What appeals to you about that?   [3.5 s]
M> Quiet places can be really calming! They let your mind wander and maybe spark some creativity. What do you think draws you to those moments?
P< Learned: respond let mind wander. In my imagination, I wonder what makes a moment feel peaceful. What do you think?   [3.5 s]
M> It seems like you're thinking about what matters most! Let's see—quiet places might offer peace, but they could also limit stimulation. What’s more important to you: relaxation or staying engaged?
P< It depends on the goal being pursued. Salience is not a property of the line but of the pair line-and-purpose: the same report has different salient lines for someone checking whether it failed and someone checking how long it took.   [0.7 s]
M> That's a clever analogy! It makes sense that context shapes what we notice. So, if you're trying to focus on something, quiet places might help, but if you need to process details, maybe a busier environment is better. What’s your priority right now?
P< Learned: respond make sense. Looking up place... quiet street I couldn't read «if you need to process details, maybe a busier environment is better.». I couldn't read «What's your priority right now?».   [9.7 s]
M> Ah, okay! Let's take a breath. If we're stuck, maybe we can brainstorm together. What if we imagine two scenarios—one for calm and one for action? Which feels more appealing to you?
P< I couldn't read «Let's take a breath.». On we're stuck, maybe we can, a defensible recommendation turns on what would count as success, the genuinely distinct options and what remains uncertain. A useful recommendation begins with the person's objective and constraints, then compares distinct options by explicit criteria and uncertainty. Choose explicit criteria such as likely benefit, effort, cost, reversibility, and fit with the person's constraints before ranking any option. Offer a small set of genuinely distinct options rather than cosmetic variants, including a low-risk default and a more ambitious alternative. Explain which criterion each option serves and why it is preferable under those conditions, so the recommendation can be adapted rather than merely copied. Treat the recommendation as a starting point, check local constraints and preferences, and change course when the expected benefit does not appear. In my imagination, I prefer calm to action. What about you?   [5.1 s]
M> Interesting! Temples often feel more serene and culturally rich, while museums offer diverse, interactive experiences. If you value tradition and reflection, temples might suit better. But if you crave variety and learning, museums could be the way. Which aligns more with your current mood?
P< Learned: temples feel more serene. Learned: museums offer diverse. I couldn't read «If you value tradition and reflection, temples might suit better.». I couldn't read «But if you crave variety and learning, museums could be the way.». In my imagination, I love rainy evenings and their mood. What appeals to you about that?   [6.1 s]
M> Reading in the rain sounds magical! It’s like a cozy, sensory experience. Temples and museums are both great, but rain adds a unique charm—maybe it makes the moment feel more special. What do you think about combining both?
P< Held: it is similar to cozy sensory experience. I couldn't read «Temples and museums are both great». Learned: rain add unique charm—maybe it. On combining both: I propose distinguishing the meaning of the words from the claim we want to assess. Give one example that belongs to the idea and one that might sit at its boundary.   [5.0 s]
M> That’s a clever twist! One example that fits the "cozy sensory experience" is a quiet temple with soft, natural light filtering through windows. The other that sits at the boundary could be a bustling museum during a rainy day—still interesting, but less serene. What do you think?
P< I couldn't read «One example that fits the "cozy sensory experience" is a quiet temple with soft, natural light filtering through windows.». I couldn't read «The other that sits at the boundary could be a bustling museum during a rainy day—still interesting». I couldn't read «less serene.». I can help compare the reasons and trade-offs, but I do not have personal opinions. What should we weigh first?   [8.2 s]
