# parrot0 in avvio (KB viva completa)…
# pronto — modello liquid/lfm2.5-1.2b, 12 scambi, lingua en, T=0.0, seme 7
# modello: 1.2 s
M> Hello! How can I help you today?
P< Hi there! I'm a chatbot, not a person — I don't need help. But you can ask me questions and I'll try to answer.   [1.0 s]
# modello: 4.0 s
M> That's nice! I'm here to chat and help with whatever you need. What would you like to talk about?
P< Nice. Tell me what made it good, or give me a small thing to reason about. That sounds nice -- tell me more about it. I don't know how to answer that about myself yet: nobody has taught me.   [3.4 s]
# modello: 4.6 s
M> Well, it's always interesting to think about what makes something special! Sometimes it's the little details or the way things connect. What do you find most intriguing about this topic?
P< I looked up «special» but found nothing. If you know it, teach me: «special is defined as …». I couldn't read «Sometimes it's the little details or the way things connect.». Oh? What's it like?   [9.6 s]
# modello: 6.6 s
M> "Special" usually means something unique or valuable. It's about standing out from the ordinary. Think of a favorite song or a quirky hobby — those are special because they bring you joy or make you unique. What makes you feel special?
P< I found the teaching pivot, but I cannot align the same variables exactly once on both sides to roles I know. I have not learned the construction. I couldn't read «It's about standing out from the ordinary.». I couldn't read «Think of a favorite song or a quirky hobby — those are special because they bring you joy or make you unique.». I have no rule that would make anything a special, so I can't say what would.   [6.5 s]
# modello: 6.1 s
M> That's a great observation! It seems like "special" is more about personal meaning than strict rules. Sometimes it's the small things that matter most. What do you think makes something special to you?
P< I couldn't read «It seems like "special" is more about personal meaning than strict rules.». I couldn't read «Sometimes it's the small things that matter most.». I can help compare the reasons and trade-offs, but I do not have personal opinions. What should we weigh first?   [7.6 s]
# modello: 5.1 s
M> It sounds like you're weighing clarity versus personal connection. If you want to focus on what's practical, maybe start with what makes sense in your situation. Which aspect feels more important right now?
P< I couldn't read «It sounds like you're weighing clarity versus personal connection.». Glad that lands. What would you like to do next? I couldn't read «Which aspect feels more important right now?».   [4.0 s]
# modello: 3.9 s
M> Let's explore both sides! Do you want to dive deeper into the practical side, or share what feels most meaningful to you?
P< Interesting -- what got you into it?   [2.9 s]
# modello: 4.0 s
M> I'm curious — what sparked your interest in this topic? It's always fun to learn about what drives curiosity!
P< I don't have experiences of my own, but I'd like to hear more -- what stood out?   [1.7 s]
# modello: 4.3 s
M> It's fascinating how even without personal experience, something can feel intriguing. Maybe it's the way ideas connect or the excitement of discovery. What do you think draws people in?
P< Held: something can feel intriguing. I couldn't read «Maybe it's the way ideas connect or the excitement of discovery.». I can help compare the reasons and trade-offs, but I do not have personal opinions. What should we weigh first?   [4.7 s]
# modello: 3.6 s
M> That's a thoughtful angle! Comparing clarity and personal meaning can be tricky. Which one feels more urgent for you right now?
P< I couldn't read «Comparing clarity and personal meaning can be tricky.». I don't know how to answer that about myself yet: nobody has taught me.   [3.5 s]
# modello: 3.6 s
M> It's a fair question! Sometimes it's hard to see the balance. What do you think is more important in your own life?
P< Learned: comparing is a fair. I couldn't read «Sometimes it's hard to see the balance.». I can help compare the reasons and trade-offs, but I do not have personal opinions. What should we weigh first?   [6.0 s]
# modello: 2.8 s
M> Let’s keep exploring! If you’re open to it, what’s one thing you’d prioritize more in a situation?
P< I don't know how to answer that about myself yet: nobody has taught me.   [4.0 s]
# fine
