# parrot0 in avvio (KB viva completa)…
# pronto — modello liquid/lfm2.5-1.2b, 12 scambi, lingua en, T=0.0, seme 7
M> Hey there! I just got back from a walk in the park. Do you like being outside?
P< In reality, I cannot go outside. In my imagination, I love being outside early in the morning. What appeals to you about that?   [0.7 s]
# modello: 2.5 s
M> That sounds lovely! Morning outdoors often feels peaceful and full of possibilities. What do you enjoy most about that time?
P< In reality, I cannot feel the rain. In my imagination, I love being outside early in the morning. I wonder what makes a moment feel peaceful. What do you think?   [0.7 s]
# modello: 3.8 s
M> Peaceful moments usually come from simple things—like the sound of birds or the warmth of sunlight. It's all about being present and noticing those small details. How do you find that calm?
P< On you find that calm, a causal account turns on the condition that starts it, the process that carries it and the effect one could actually measure. A mechanism must connect an initial condition to intermediate processes and observable outcomes, while distinguishing causation from correlation. Separate the triggering condition, the intermediate process, and the observable result; this distinguishes a causal account from a label or correlation. That mechanism predicts both a primary effect and secondary responses, which may amplify, compensate for, or redistribute the original change. A useful test varies the proposed cause while controlling alternatives and checks for the specific observations the mechanism predicts. The conclusion depends on scale, boundary conditions, time horizon, and behavior, so those assumptions should be stated instead of presenting one scenario as inevitable.   [1.1 s]
# modello: 5.8 s
M> That's a really thoughtful explanation! It makes me think about how we actually understand causes in science. It’s fascinating how we separate the "what" from the "why." Do you think this kind of thinking applies to everyday decisions, like choosing what to eat or how to spend your time?
P< I stopped because the search exceeded my inference time limit. I do not have a verified answer.   [10.0 s]
# modello: 2.8 s
M> Oh no! That happens sometimes. If you'd like, we can try another question or dive into something else. What’s on your mind now?
P< Learned: causes(that, sometimes.). Held: we can try another question or dive into something else. I have not pictured that yet. In my imagination, I like quiet places. What appeals to you about that?   [4.2 s]
# modello: 3.2 s
M> Quiet places often feel safe and comforting. Maybe it’s the absence of noise or the chance to focus inward. What do you think makes a place feel peaceful?
P< Learned: quiet place feel safe. No pressure — we can take it slowly. What's on your mind? In reality, I cannot feel the rain. In my imagination, I like quiet places. I wonder what makes a moment feel peaceful. What do you think?   [4.6 s]
# modello: 3.2 s
M> That’s a great observation! Quiet moments often help us reset and reflect. It’s like giving our minds a break. How do you usually find those peaceful spots?
P< On usually find those peaceful spots, a causal account turns on the condition that starts it, the process that carries it and the effect one could actually measure. A mechanism must connect an initial condition to intermediate processes and observable outcomes, while distinguishing causation from correlation. Separate the triggering condition, the intermediate process, and the observable result; this distinguishes a causal account from a label or correlation. That mechanism predicts both a primary effect and secondary responses, which may amplify, compensate for, or redistribute the original change. A useful test varies the proposed cause while controlling alternatives and checks for the specific observations the mechanism predicts. The conclusion depends on scale, boundary conditions, time horizon, and behavior, so those assumptions should be stated instead of presenting one scenario as inevitable.   [1.0 s]
# modello: 3.4 s
M> That’s a solid breakdown! It really highlights how we build understanding step by step. I’m curious—how do you usually notice these quiet moments in your daily life?
P< I couldn't read «It really highlights how we build understanding step by step.». In my imagination, I like quiet places. I wonder what makes a moment feel peaceful. What do you think?   [4.8 s]
# modello: 3.8 s
M> That’s a lovely thought! Quiet moments often help us recharge. Maybe it’s the absence of distractions or the chance to be still. Do you think your mind wanders more in those times?
P< Learned: quiet moments help us recharge. I looked up «chance» but found nothing. If you know it, teach me: «chance is defined as …». Oh? What's it like?   [4.6 s]
# modello: 2.8 s
M> Chance is the possibility of something happening by accident or without a specific cause. It’s all about uncertainty and surprise. How does that sound?
P< Learned: chance is a specific. I couldn't read «It's all about uncertainty and surprise.». I couldn't read «How does that sound?».   [4.7 s]
# modello: 3.5 s
M> Ah, I see! Chance is more about unpredictability than just uncertainty. It’s like when things happen without a clear plan. What do you think makes a moment feel like chance?
P< On you think makes a moment feel like chance, a workable design turns on what would count as success, what cannot be violated and how it fails in practice. Treat the requested design as a system with an objective, inputs, constraints, users, failure modes, and feedback rather than as a single feature. Define the objective as measurable outcomes rather than a technology or policy by itself, including who should benefit and which constraints cannot be violated. Use several coordinated levers, assign responsibility for each one, and stage deployment so evidence from an early phase can change the later design. The central trade-off is usually performance against cost, access, resilience, or unintended effects; make that exchange explicit instead of hiding it in an average result. Pilot the design against a baseline, publish the metrics and failure criteria in advance, and revise or stop it when observed results contradict its assumptions.   [1.4 s]
# modello: 4.7 s
M> That’s a really structured way to think about things! It sounds like a solid framework for evaluating ideas. I’d love to hear your thoughts on how this applies to something you’re working on. What’s the main goal here?
P< I couldn't read «It sounds like a solid framework for evaluating ideas.». I couldn't read «I'd love to hear your thoughts on how this applies to something you're working on.». goal is the destination or endpoint -- walk to the store.   [8.3 s]
# fine
