# parrot0 in avvio (KB viva completa)…
# pronto — modello liquid/lfm2.5-1.2b, 12 scambi, lingua en, T=0.0, seme 7
M> Hey there! I just got back from a walk in the park. Do you like being outside?
P< In reality, I cannot go outside. In my imagination, I enjoy long walks in a quiet park. What appeals to you about that?   [0.9 s]
# modello: 2.6 s
M> That sounds lovely! Quiet parks often feel so peaceful and calming. What do you love most about those moments?
P< I couldn't read «Quiet parks often feel so peaceful and calming.». In my imagination, I wonder what makes a moment feel peaceful. What do you think?   [3.2 s]
# modello: 2.8 s
M> Peaceful moments usually have soft sounds and gentle sights. Maybe silence and nature help us relax. What do you think brings peace to you?
P< Learned: peaceful moments has soft sounds. No pressure — we can take it slowly. What's on your mind? Learned: nature help us relax. I can help compare the reasons and trade-offs, but I do not have personal opinions. What should we weigh first?   [3.7 s]
# modello: 2.2 s
M> Great question! We could look at how nature affects relaxation versus other activities. Which aspect matters more to you?
P< I couldn't read «We could look at how nature affects relaxation versus other activities.». I have not pictured that yet. In my imagination, I love reading in the rain. What appeals to you about that?   [3.7 s]
# modello: 4.0 s
M> Reading in the rain sounds cozy and nostalgic! It’s like a little escape. Do you think the sensory details—like the smell of wet leaves or the sound of raindrops—make it special?
P< Held: it is similar to little escape. Oh? What's it like? Interesting -- what got you into it?   [4.2 s]
# modello: 2.7 s
M> Reading in the rain can be magical! It’s like the world slows down. What do you find yourself drawn to most about that moment?
P< Held: it is similar to world slows down. That is all I picture about that so far. What about you?   [3.0 s]
# modello: 3.2 s
M> That’s a nice observation! For me, it’s about finding comfort in small, quiet moments. Do you think rainy days are more peaceful for you than sunny ones?
P< Nice. Tell me what made it good, or give me a small thing to reason about. I couldn't read «For me, it's about finding comfort in small, quiet moments.». In my imagination, I love rainy days under a tree with a book. What appeals to you about that?   [4.6 s]
# modello: 3.7 s
M> Rainy days under a tree sound cozy and imaginative! Maybe the combination of soft light and gentle sounds creates a sense of safety. What do you think makes that feel special?
P< Learned: rainy days under a tree sound cozy. Learned: gentle sounds creates sense. That is all I picture about that so far. What about you? I have not pictured that yet. In my imagination, I love old places and their history. What about you?   [4.9 s]
# modello: 2.5 s
M> Old places hold stories—like how history shapes the present. Do you think exploring those stories makes you feel connected to something bigger?
P< I didn't keep that: «old» and «hold_stories—like_how_history_shapes_the_present» don't read as things I can hold a fact about. That is all I picture about that so far. What about you? I have not pictured that yet. In my imagination, I find bustling markets tiring. What appeals to you about that?   [3.3 s]
# modello: 3.1 s
M> Bustling markets can be exciting but overwhelming! Maybe the energy of people and sounds keeps things lively. What do you think draws you to those scenes?
P< No pressure — we can take it slowly. What's on your mind? Learned: sounds keep things lively. I can help compare the reasons and trade-offs, but I do not have personal opinions. What should we weigh first?   [4.1 s]
# modello: 2.8 s
M> Sounds are such a key part of life! It’s about balancing energy and calm. Which feeling matters more to you—energy or peace?
P< Learned: sounds is a key part. I couldn't read «It's about balancing energy and calm.». I couldn't read «Which feeling matters more to you—energy or peace?».   [2.9 s]
# modello: 2.5 s
M> Balancing energy and calm is tricky, but both have their place. What do you think you’d prefer in different moments?
P< I couldn't read «Balancing energy and calm is tricky». Learned: both has place. That is all I picture about that so far. What about you?   [3.3 s]
# fine
