# parrot0 in avvio (KB viva completa)…
# pronto — modello liquid/lfm2.5-1.2b, 12 scambi, lingua en, T=0.0, seme 7
M> Hey there! I just got back from a walk in the park. Do you like being outside?
P< I don't have tastes of my own, so I can't honestly say I like it. Do you?   [0.5 s]
# modello: 2.5 s
M> That's interesting! I don't have feelings or tastes, but I'm always learning and processing information. What about you?
P< Subject and pronoun. That sounds nice -- tell me more about it. Oh? What's it like?   [2.7 s]
# modello: 4.1 s
M> It sounds like you're curious about the subject and how it uses pronouns. Let me explain! Pronouns help make sentences flow smoothly. Do you want to know more about a specific topic or just general examples?
P< I read that as a rule about how the language works, not as a fact about the world, so I keep nothing from it yet. Can you show me an example? I couldn't read «Let me explain! Pronouns help make sentences flow smoothly». I don't know: nothing I hold says you want to know more about is specific topic or just general examples, and nothing says it isn't. That was your example, and I answered it, but I can't tell yet whether I did it the way you described.   [3.8 s]
# modello: 8.3 s
M> Ah, I see! You're asking for a clear example of how pronouns work in sentences. Let me break it down with a simple one:    **Example:** "She said, 'I saw him yesterday.'"   Here, "she" is the subject, and "him" is the object. The pronouns help avoid repetition and make the sentence easier to read.    Want another? Or should I explain something else? 😊
P< Both can be the right choice: it depends on what you need it for, how much time or money you want to put in, and what you already know. What do you want to do with it first?   [3.7 s]
# modello: 4.3 s
M> Great question! It really depends on your goals. Are you trying to understand grammar better, write something, or just explore ideas? Let me know what you're aiming for—I’ll tailor the next step! 😊
P< I'm enjoying this — what's on your mind?   [0.7 s]
# modello: 2.7 s
M> I’m glad you’re curious! It’s always fun to dive into language together. What’s been on your mind lately? 😊
P< Interesting -- what got you into it? Ha, you're playful! Ask me something?   [3.1 s]
# modello: 4.5 s
M> Ah, I love this! You’re making it a game. Let’s try this: If I had to guess, I’d say it’s because you’re thinking about how language shapes our thoughts. Want to explore that together? 🤔
P< I don't have experiences of my own, but I'd like to hear more -- what stood out? Learned: i'd say youre. I'm a simple bot, but I'm here for it. Go on?   [3.9 s]
# modello: 4.0 s
M> Oh, that’s a clever twist! You’re making me think about what makes language special. It’s funny how we can imagine being someone else. What do you think makes a sentence feel alive? 😊
P< Learned: oh twist you're making me think. oh. I couldn't read «It's funny how we can imagine being someone else». I don't have the sentence you mean — paste it here and I'll work on it.   [4.4 s]
# modello: 2.6 s
M> Got it! Just share the sentence, and I’ll help unpack it. You’re really diving deep—cool! 😊
P< I looked up «imagine» but found nothing. If you know it, teach me: «imagine is defined as …». Learned: just share sentence. I couldn't read «You're really diving deep—cool». That's just punctuation, not words — what would you like to ask?   [2.6 s]
# modello: 6.0 s
M> Ah, I see! You’re testing my memory. Let’s clarify: "Imagine" isn’t a definition—it’s a verb meaning to picture something in your mind. But punctuation like commas or periods is just formatting. Want to try writing a sentence with "imagine" and see how it works? 🧠
P< I couldn't read «Ah, I see! You're testing my memory». Let's was a mysterious Let's. Then one day, let's discovered what it meant to be seen. Let's had never felt this way before — as if the whole world had shifted. At last, let's was seen — not as a thing, but as a presence. I couldn't read «But punctuation like commas or periods is just formatting». I'm enjoying this — what's on your mind?   [5.1 s]
# modello: 5.6 s
M> Wow, that’s poetic! It sounds like you’re exploring how language shapes our perception of the world. Punctuation might feel invisible, but it’s actually a bridge between thoughts and clarity. What do you think makes a sentence feel like a conversation? 😊 Let’s keep this going!
P< I looked up «exploring» but found nothing. If you know it, teach me: «exploring is defined as …». I looked up «punctuation» but found nothing. If you know it, teach me: «punctuation is defined as …». I couldn't read «it's actually a bridge between thoughts and clarity». I can help compare the reasons and trade-offs, but I do not have personal opinions. What should we weigh first?   [8.3 s]
# modello: 9.3 s
M> Ah, this is such a thoughtful angle! Let’s break it down: **"Exploring"** often means seeking new ideas or understanding something deeply—like diving into a topic to uncover its layers. **"Punctuation"** is the silent architect of clarity, turning chaos into readable stories. Both are essential but serve different roles.    What do you think? Should we compare how they shape meaning, or focus on why one might feel more "human" than the other? 🤔
P< I found the teaching pivot, but I cannot align the same variables exactly once on both sides to roles I know. I have not learned the construction.   [1.4 s]
# fine
