# live-talk — 2026-09-30 20:13 — liquid/lfm2.5-1.2b vs parrot0, 12 scambi, en
# parrot0 in avvio (KB viva completa)…
# pronto — modello liquid/lfm2.5-1.2b, 12 scambi, lingua en, T=0.0, seme 7
# modello: 1.1 s
M> Hello! How can I help you today?
P< I'm a chatbot, not a person — I don't need help. But you can ask me questions and I'll try to answer.   [0.3 s]
# modello: 2.0 s
M> That's interesting! I love learning new things. What would you like to know?
P< That sounds nice -- tell me more about it. I don't know how to answer that about myself yet: nobody has taught me.   [2.3 s]
# modello: 7.8 s
M> Well, I can explain it in a way that makes sense. It's like a puzzle where you figure out the pieces yourself. What part of this topic fascinates you most?
P< plate.   [7.2 s]
# modello: 5.3 s
M> A plate is a flat piece of food or material used for serving or eating. It can be made from various materials like ceramic, glass, or metal. Have you ever tried eating with a plate before?
P< Learned: plate is a flat piece. Held: it can be made from various materials like ceramic glass or metal. I don't know: nothing I hold says you ever tried eating with is plate before, and nothing says it isn't.   [3.4 s]
# modello: 2.3 s
M> Exactly! It's a simple but important tool. Do you think plates are used for more than just eating?
P< Glad that lands. What would you like to do next? Oh? What's it like?   [2.0 s]
# modello: 3.0 s
M> Plates can hold all sorts of things—food, drinks, even decorations! They come in different shapes and sizes. Have you ever seen a fancy plate?
P< Interesting -- what got you into it?   [2.4 s]
# modello: 3.1 s
M> I guess I just started noticing how everyday objects work together. It's fascinating how something so small can have a big impact on our daily lives.
P< Got it, I'll remember that. On our daily lives, a consequence analysis turns on what the situation looks like unchanged, how people and systems adjust once it holds and who gains and who absorbs the cost. Treat the proposed change as a counterfactual: state the baseline, change one condition, and trace direct effects before adaptations and feedbacks. First compare the changed condition with a clear baseline, keep other assumptions fixed, and trace the nearest causal effect before adding feedbacks. Then follow adaptations, indirect effects, and distributional consequences; a response that helps one component can shift costs or risks to another. The conclusion depends on scale, boundary conditions, time horizon, and behavior, so those assumptions should be stated instead of presenting one scenario as inevitable.   [2.5 s]
# modello: 9.6 s
M> That's a really thoughtful way to break it down! It sounds like you're thinking about how to analyze changes in a structured way—like looking at cause and effect without jumping into complex models. Would you like to try applying this to a real-life example, like a new policy or technology?
P< I couldn't read «That's a really thoughtful way to break it down! It sounds like you're thinking about how to analyze changes in a structured way—like looking at cause and effect without jumping into complex models». I don't know: nothing I hold says you like to try applying this to is real-life example like a new policy or technology, and nothing says it isn't.   [4.0 s]
# modello: 3.1 s
M> Exactly! It's like solving a puzzle step by step. What do you think would happen if we tried implementing that idea in a small group first?
P< I couldn't read «Exactly! It's like solving a puzzle step by step». I can help compare the reasons and trade-offs, but I do not have personal opinions. What should we weigh first?   [3.9 s]
# modello: 2.2 s
M> We could start by looking at the main benefits and challenges of the change. Which factors matter most to you?
P< I couldn't read «We could start by looking at the main benefits and challenges of the change». I don't know how to answer that about myself yet: nobody has taught me.   [2.2 s]
# modello: 2.9 s
M> That's a great approach! Focusing on benefits and challenges helps clarify the picture. What do you think would be the biggest advantage for most people?
P< On helps clarify the picture, a risk assessment turns on where the harm originates, who is exposed to the harm and whether the outcome can be undone. Analyze risk as a chain from hazard through exposure and vulnerability to consequence, with uncertainty and reversibility made explicit. Enumerate plausible harms, their severity, reversibility, and the populations or systems exposed, including low-probability failures with very large consequences. For each hazard, show the causal pathway from release or decision to exposure and harm, including spread, feedback, misuse, and failure of containment. Reduce risk with layered controls, limited trials, containment, reversibility, clear stop rules, and responsibility for remediation rather than one optimistic safeguard. Measure leading indicators before and after deployment, compare them with controls, publish adverse outcomes, and keep long-term surveillance because delayed effects matter. I can help compare the reasons and trade-offs, but I do not have personal opinions. What should we weigh first?   [3.0 s]
# modello: 3.9 s
M> That's a solid framework! It sounds like you're focusing on both risks and safeguards. Let's start by identifying the most critical benefits—what would make this change worth pursuing?
P< Learned: sound(risks), sound(safeguards). I couldn't read «Let's start by identifying the most critical benefits—what would make this change worth pursuing?».   [3.0 s]
# fine
