# parrot0 in avvio (KB viva completa)…
# pronto — modello liquid/lfm2.5-1.2b, 12 scambi, lingua en, T=0.0, seme 7
M> Hi! I'm planning a trip to Japan next spring. Have you ever thought about traveling?
P< Start from what you want to see: pick two or three places that matter to you, and the days will arrange themselves around them.   [0.5 s]
# modello: 3.2 s
M> That sounds exciting! Tokyo, Kyoto, and Osaka are always top choices. What specific sights or experiences are you most interested in?
P< I couldn't read «Tokyo, Kyoto». Learned: osaka is an always top choice. In my imagination, I like quiet places. What appeals to you about that?   [4.6 s]
# modello: 3.5 s
M> Osaka feels peaceful with its food and culture—perfect for a quiet escape. Have you thought about trying local street food or visiting a traditional onsen?
P< In my imagination, I like quiet places. What appeals to you about that?   [2.6 s]
# modello: 3.2 s
M> Quiet places let you recharge without crowds. Maybe you'd enjoy a peaceful park or a cozy café with soft music. What sounds appealing?
P< Learned: quiet place let you recharge. I couldn't read «Maybe you'd enjoy a peaceful park or a cozy café with soft music.». I couldn't read «What sounds appealing?».   [4.2 s]
# modello: 2.1 s
M> Let's explore peaceful spots together! Do you prefer nature, history, or something else?
P< In my imagination, I prefer temples to museums. What appeals to you about that?   [0.7 s]
# modello: 3.2 s
M> Temples offer a calm, spiritual vibe—perfect for quiet reflection. Have you considered visiting a historic temple or a serene garden?
P< Learned: temples offer calm. I don't know: nothing I hold says you considered visiting is historic temple or a serene garden, and nothing says it isn't.   [3.0 s]
# modello: 3.2 s
M> That’s a thoughtful choice! Temples and gardens both feel peaceful. What do you think about exploring a quiet shrine or a mossy garden?
P< Learned: temples feel peaceful. Learned: gardens both feel peaceful. On exploring a quiet shrine or a mossy garden: I propose distinguishing the meaning of the words from the claim we want to assess. Give one example that belongs to the idea and one that might sit at its boundary.   [7.3 s]
# modello: 3.5 s
M> A quiet shrine feels serene, but a bustling market might *seem* peaceful yet feel chaotic. Which aligns better with your preference?
P< Learned: quiet shrine feel serene. I couldn't read «a bustling market might *seem* peaceful yet feel chaotic.». In my imagination, I prefer temples to museums. What appeals to you about that?   [4.1 s]
# modello: 4.1 s
M> Temples offer a sense of timelessness and simplicity—like stepping into a storybook. Museums, while educational, can feel more structured and busy. Does that match your vision?
P< Learned: temples offer sense. I couldn't read «Museums». Held: educational can feel more structured and busy. In my imagination, I love reading in the rain. What appeals to you about that?   [5.0 s]
# modello: 3.6 s
M> Reading in the rain sounds magical! It’s like a cozy, mysterious moment. Do you think you’d prefer a rainy day at a café or under a tree?
P< Held: it is similar to cozy mysterious moment. I don't know: nothing I hold says you think you'd prefer is rainy day at a café or under a tree, and nothing says it isn't.   [4.1 s]
# modello: 4.0 s
M> Rainy days can be magical—maybe a quiet café with a book or a walk in the rain feels just right. What do you imagine would make that perfect?
P< Learned: walk in the rain feel just right. That sounds nice -- tell me more about it.   [5.8 s]
# modello: 3.7 s
M> A walk in the rain can be refreshing and mysterious—like stepping into a storybook. Do you think you’d enjoy this for its calm or something else?
P< I couldn't read «A walk in the rain can be refreshing and mysterious—like stepping into a storybook.». Oh? What's it like?   [3.5 s]
# fine
