# parrot0 in avvio (KB viva completa)…
# pronto — modello liquid/lfm2.5-1.2b, 12 scambi, lingua en, T=0.0, seme 7
M> Hi! I'm planning a trip to Japan next spring. Have you ever thought about traveling?
P< Start from what you want to see: pick two or three places that matter to you, and the days will arrange themselves around them.   [0.5 s]
# modello: 3.7 s
M> That sounds exciting! Tokyo, Kyoto, and Osaka are always top choices. What specific sights or experiences are you most interested in?
P< I couldn't read «Tokyo, Kyoto». Learned: osaka is an always top choice. I don't know how to answer that about myself yet: nobody has taught me.   [4.5 s]
# modello: 2.8 s
M> Oh, I see! Osaka is definitely a must. Have you thought about trying local food or visiting any famous landmarks there?
P< That turn joins several statements and a question, and I can't yet read them together. Tell me the statements one per turn, then ask the question.   [4.6 s]
# modello: 7.0 s
M> Sure! Here’s my turn:  - Tokyo is known for its vibrant culture and modern attractions. - Kyoto offers beautiful temples and traditional Japanese experiences. - Osaka is famous for its food scene and lively atmosphere.  Now, what do you think about exploring these three cities? Do you have any specific interests within each place?
P< I stopped because the search exceeded my inference time limit. I do not have a verified answer.   [10.1 s]
# modello: 3.7 s
M> Ah, I see! So you're thinking about what to prioritize when planning your trip. Have you considered how much time you want to spend in each city?
P< I couldn't read «So you're thinking about what to prioritize when planning your trip.». I don't know how to answer that about myself yet: nobody has taught me.   [5.5 s]
# modello: 4.2 s
M> That’s a good point—planning can be tricky! What aspects of each city are most important to you? Are you more interested in history, food, nature, or something else?
P< I don't know how to answer that about myself yet: nobody has taught me.   [3.2 s]
# modello: 3.7 s
M> It’s totally normal to feel unsure! Maybe you can think about what you’ve liked in other travel experiences. What do you enjoy most about places you’ve visited before?
P< No pressure — we can take it slowly. What's on your mind? I couldn't read «Maybe you can think about what you've liked in other travel experiences.». I don't have real preferences, but for the prompt I'd pick reading quietly and listening to the rain.   [4.4 s]
# modello: 3.8 s
M> That’s a lovely idea! Reading quietly while listening to rain sounds could be super relaxing. Have you ever tried that before? It might help you unwind before your trip.
P< Yes. I read each message in this conversation.   [0.8 s]
# modello: 4.0 s
M> Great! So you’re thinking about enjoying quiet moments and nature sounds. That sounds perfect for a relaxing start to your journey. What’s the first place you’d like to explore?
P< I couldn't read «So you're thinking about enjoying quiet moments and nature sounds.». I couldn't read «That sounds perfect for a relaxing start to your journey.». I don't know how to answer that about myself yet: nobody has taught me.   [7.4 s]
# modello: 4.2 s
M> Thanks! That’s a nice way to begin. If you want, we can chat more about what you’d like to see or do during your trip. What’s on your mind now?
P< Nice. Tell me what made it good, or give me a small thing to reason about.   [1.3 s]
# modello: 3.3 s
M> It’s always fun to reflect! Maybe think about how each place adds something unique to your adventure. What’s one thing you’re excited to try?
P< I couldn't read «Maybe think about how each place adds something unique to your adventure.». I don't know how to answer that about myself yet: nobody has taught me.   [6.6 s]
# modello: 4.5 s
M> That’s a thoughtful question! Each city brings its own charm—Tokyo’s energy, Kyoto’s serenity, and Osaka’s warmth. What do you think makes one place stand out more than another?
P< I couldn't read «Each city brings its own charm—Tokyo's energy, Kyoto's serenity». I couldn't read «Osaka's warmth.». I can help compare the reasons and trade-offs, but I do not have personal opinions. What should we weigh first?   [6.2 s]
# fine
