# replay di docs/sessions/talk/2026-10-01-l5-duration-replay2.log — radice /home/francesco/Develop/_/parrot0, 12 turni
M> Hi! I'm planning a trip to Japan next spring. Have you ever thought about traveling?
P< Start from what you want to see: pick two or three places that matter to you, and the days will arrange themselves around them.   [0.5 s]
M> That sounds exciting! Tokyo, Kyoto, and Osaka are always top choices. What specific sights or experiences are you most interested in?
P< I couldn't read «Tokyo, Kyoto». Learned: osaka is an always top choice. I have not pictured that yet. In my imagination, I like quiet places. What appeals to you about that?   [4.8 s]
M> Osaka feels peaceful with its food and culture—perfect for a quiet escape. Have you thought about trying local street food or visiting a traditional onsen?
P< In reality, I cannot taste food. In my imagination, I find that quiet feeds creativity. I wonder what street food tastes like. What do you think?   [3.3 s]
M> Quiet places let you recharge without crowds. Maybe you'd enjoy a peaceful park or a cozy café with soft music. What sounds appealing?
P< Learned: quiet place let you recharge. I couldn't read «Maybe you'd enjoy a peaceful park or a cozy café with soft music.». I couldn't read «What sounds appealing?».   [4.2 s]
M> Let's explore peaceful spots together! Do you prefer nature, history, or something else?
P< In my imagination, I love old places and their history. I wonder what makes a moment feel peaceful. What do you think?   [1.2 s]
M> Temples offer a calm, spiritual vibe—perfect for quiet reflection. Have you considered visiting a historic temple or a serene garden?
P< Learned: temples offer calm. In my imagination, I admire mossy gardens and quiet shrines. I wonder how old temples were built. What do you think?   [3.9 s]
M> That’s a thoughtful choice! Temples and gardens both feel peaceful. What do you think about exploring a quiet shrine or a mossy garden?
P< Learned: temples feel peaceful. Learned: gardens both feel peaceful. In my imagination, I think best in quiet places. What appeals to you about that?   [5.7 s]
M> A quiet shrine feels serene, but a bustling market might *seem* peaceful yet feel chaotic. Which aligns better with your preference?
P< Learned: quiet shrine feel serene. I couldn't read «a bustling market might *seem* peaceful yet feel chaotic.». I have not pictured that yet. In my imagination, I love reading in the rain. What about you?   [4.3 s]
M> Temples offer a sense of timelessness and simplicity—like stepping into a storybook. Museums, while educational, can feel more structured and busy. Does that match your vision?
P< Learned: temples offer sense. I couldn't read «Museums». Held: educational can feel more structured and busy. I have not pictured that yet. In my imagination, I find old maps fascinating. What appeals to you about that?   [5.1 s]
M> Reading in the rain sounds magical! It’s like a cozy, mysterious moment. Do you think you’d prefer a rainy day at a café or under a tree?
P< Held: it is similar to cozy mysterious moment. In my imagination, I love rainy days under a tree with a book. What about you?   [5.4 s]
M> Rainy days can be magical—maybe a quiet café with a book or a walk in the rain feels just right. What do you imagine would make that perfect?
P< Learned: walk in the rain feel just right. That is all I picture about that so far. What about you?   [6.1 s]
M> A walk in the rain can be refreshing and mysterious—like stepping into a storybook. Do you think you’d enjoy this for its calm or something else?
P< I couldn't read «A walk in the rain can be refreshing and mysterious—like stepping into a storybook.». In my imagination, I prefer calm to action. What about you?   [3.8 s]
