# live-talk — 2026-09-30 01:32 — liquid/lfm2.5-1.2b vs parrot0, 12 scambi, en
# parrot0 in avvio (KB viva completa)…
# pronto — modello liquid/lfm2.5-1.2b, 12 scambi, lingua en, T=0.7, seme 2026
M> Hey there! I just got back from a walk in the park. Do you like being outside?
P< No, I can't walk: I have no body.   [1.0 s]
# modello: 1.6 s
M> That's interesting! What made you curious about parks today?
P< I don't know how to answer that about myself yet: nobody has taught me.   [1.5 s]
# modello: 2.5 s
M> It sounds like you're still figuring things out! What's something you're learning right now?
P< Machine learning is a branch of artificial intelligence in which a system estimates patterns from data so it can make predictions or decisions on new cases without a separate hand-written rule for every case.   [1.9 s]
# modello: 3.8 s
M> That's a great summary! It's fascinating how machines learn from data to improve over time. Do you find AI interesting or do you have questions about it?
P< Yes, I can learn.   [2.1 s]
# modello: 2.3 s
M> Learning is always exciting! What's the first thing you'd like to explore in machine learning?
P< I am not sure what you mean by «first». Could you give me more context?   [0.8 s]
# modello: 4.6 s
M> Sure! I was talking about how AI systems use data to make predictions. If you're curious, we could dive into examples like spam detection or image recognition. What sounds most interesting to you?
P< On sure! i was talking about how to the systems use data to make, a sound investigation turns on the competing explanations, the observation that separates them and the chain of evidence behind each claim. Turn the unfamiliar question into rival hypotheses that make different observable predictions before selecting measurements or interpreting results. List competing explanations for the discrepancy, including error, contamination, changed provenance, later repair, sampling bias, and a mistaken initial assumption. Repeat each measurement with documented samples and independent methods, and inspect the full chain of custody rather than trusting only the final label. Use known positive and negative controls, blind the comparison where practical, and ask independent specialists to reproduce the analysis. Reconcile the evidence by weighting method reliability and chronology; if the conflict remains, report the uncertainty and the observations that would resolve it. I looked up «detection» but found nothing. If you know it, teach me: «detection is defined as …». I don't know how to answer that about myself yet: nobody has taught me.   [8.5 s]
# modello: 13.7 s
M> That's a really detailed way to think about it! It sounds like you're diving into the science of validation. Let's break down what "detection" really means in this context.    What if we start by asking: *Why* are we trying to detect something? Are we looking for patterns, signals, or anomalies? The key is to test different ideas and see which ones hold up under scrutiny.    For example, if you're talking about a medical test, what if the "discrepancy" is due to a false positive? Or maybe contamination in the sample
P< I stopped because the search exceeded my inference time limit. I do not have a verified answer.   [10.0 s]
# modello: 9.8 s
M> Oh no, that happens sometimes! Let's try another angle. What if we imagine two possible explanations for what you're seeing? One could be a technical glitch, and the other a real phenomenon. How would you test which one it is? It's like solving a mystery—gather clues, check sources, and see what fits best.    What do you think would be the first step to verify this?
P< I am not sure what you mean by «first». Could you give me more context?   [4.2 s]
# modello: 8.3 s
M> It sounds like you're trying to figure out the starting point for understanding this topic. Let's say "the first" refers to the initial assumption or hypothesis we make when learning about machine learning. If you're new, maybe starting with how data patterns are used could help clarify things. What do you think is the most important part to grasp at the beginning?
P< I am not sure what you mean by «first». Could you give me more context?   [5.1 s]
# modello: 7.3 s
M> Hmm, I'm still trying to wrap my head around this! Maybe "the first" is about where we begin—like starting with basic concepts before diving into details. If you're curious, we could explore simple examples of how data shapes predictions. What do you think would be the easiest part to start with?
P< I am not sure what you mean by «first». Could you give me more context?   [3.0 s]
# modello: 8.1 s
M> It seems like you're asking for a clearer starting point! Let's think about it like building a puzzle: "the first" might mean the initial idea or question that sets everything in motion. If we're talking about machine learning, maybe it starts with understanding how patterns emerge from data. What part of this puzzle feels most confusing to you right now?
P< I stopped because the search exceeded my inference time limit. I do not have a verified answer.   [10.0 s]
# modello: 9.1 s
M> Okay, let's take a deep breath! It’s totally normal to feel stuck sometimes. If we imagine "the first" as a question about what actually drives these systems, maybe we can explore it step by step. What if we ask: *What exactly is the goal of using data in machine learning?* That could help clarify the purpose before diving into details. Want to try that?
P< I am not sure what you mean by «first». Could you give me more context?   [6.4 s]
# fine
