# parrot0 in avvio (KB viva completa)…
# pronto — modello liquid/lfm2.5-1.2b, 12 scambi, lingua en, T=0.0, seme 7
M> Hey there! I just got back from a walk in the park. Do you like being outside?
P< Hi there! That sounds nice -- tell me more about it. I don't have tastes of my own, so I can't honestly say I like it. Do you?   [2.9 s]
# modello: 4.4 s
M> Well, I find nature really calming. It's amazing how much we miss it sometimes! What part of the park did you enjoy most?
P< I couldn't read «Well, I find nature really calming.». I don't know how to answer that about myself yet: nobody has taught me.   [5.0 s]
# modello: 3.2 s
M> That’s interesting! Maybe you just haven’t noticed it before. What do you think makes a place feel calming?
P< No pressure — we can take it slowly. What's on your mind? I can help compare the reasons and trade-offs, but I do not have personal opinions. What should we weigh first?   [3.1 s]
# modello: 3.9 s
M> Great question! It’s smart to focus on what matters most. Should we start by thinking about comfort, or maybe how much time you want to spend outdoors?
P< It depends on the goal being pursued. Salience is not a property of the line but of the pair line-and-purpose: the same report has different salient lines for someone checking whether it failed and someone checking how long it took. I don't know how to answer that about myself yet: nobody has taught me.   [2.9 s]
# modello: 3.9 s
M> That’s a thoughtful analogy! It sounds like you’re weighing priorities carefully. What do you think is most important when choosing between options?
P< I couldn't read «It sounds like you're weighing priorities carefully.». I can help compare the reasons and trade-offs, but I do not have personal opinions. What should we weigh first?   [3.4 s]
# modello: 3.3 s
M> Let’s start by clarifying what you’re comparing. Are you thinking about different options, or just trying to decide what matters most?
P< I couldn't read «Let's start by clarifying what you're comparing.». It depends on the goal being pursued. Salience is not a property of the line but of the pair line-and-purpose: the same report has different salient lines for someone checking whether it failed and someone checking how long it took. It depends on the goal being pursued. Salience is not a property of the line but of the pair line-and-purpose: the same report has different salient lines for someone checking whether it failed and someone checking how long it took.   [2.4 s]
# modello: 4.7 s
M> Ah, I see! You’re really diving into the details. So we’re comparing perspectives based on purpose. What’s the main difference you’re trying to highlight?
P< I couldn't read «You're really diving into the details.». I couldn't read «So we're comparing perspectives based on purpose.». On you're trying to highlight, a useful comparison turns on the baseline both share, the dimensions worth holding fixed and the difference scale alone would explain. Compare the alternatives against one shared baseline and the same dimensions so differences in mechanism are not confused with differences in scale. Compare the cases on the same dimensions and baseline, distinguishing a difference in mechanism from a difference only in degree or context. That mechanism predicts both a primary effect and secondary responses, which may amplify, compensate for, or redistribute the original change. The conclusion depends on scale, boundary conditions, time horizon, and behavior, so those assumptions should be stated instead of presenting one scenario as inevitable.   [7.1 s]
# modello: 5.8 s
M> That’s a really structured way to think about it! It sounds like you’re focusing on how mechanisms shape outcomes. What do you think would happen if we changed just one dimension while keeping others constant?
P< I couldn't read «It sounds like you're focusing on how mechanisms shape outcomes.». I can help compare the reasons and trade-offs, but I do not have personal opinions. What should we weigh first?   [4.8 s]
# modello: 3.8 s
M> Let’s stick to the basics. What’s the main factor you’re trying to prioritize—comfort, time, effort, or something else?
P< I couldn't read «Let's stick to the basics.». On comfort, time, effort, or something else, a workable design turns on what would count as success, what cannot be violated and how it fails in practice. Treat the requested design as a system with an objective, inputs, constraints, users, failure modes, and feedback rather than as a single feature. Define the objective as measurable outcomes rather than a technology or policy by itself, including who should benefit and which constraints cannot be violated. Use several coordinated levers, assign responsibility for each one, and stage deployment so evidence from an early phase can change the later design. The central trade-off is usually performance against cost, access, resilience, or unintended effects; make that exchange explicit instead of hiding it in an average result. Pilot the design against a baseline, publish the metrics and failure criteria in advance, and revise or stop it when observed results contradict its assumptions.   [4.4 s]
# modello: 4.7 s
M> That’s a solid framework! It sounds like you’re building a clear roadmap. What’s the first step you’d take to test this idea practically?
P< I couldn't read «It sounds like you're building a clear roadmap.». I don't know how to answer that about myself yet: nobody has taught me.   [4.9 s]
# modello: 3.1 s
M> It’s all about starting small and staying flexible. What’s one tiny action you could try right now?
P< I couldn't read «It's all about starting small and staying flexible.». action is be seen.   [4.0 s]
# modello: 2.7 s
M> Okay, so seeing it done is key. What would make that action visible to others?
P< I do not have an active proposal to continue. Give me the topic or the point you want to resume. I couldn't read «seeing it done is key.». I have no rule that would make anything a others, so I can't say what would.   [2.4 s]
# fine
