
═══ PROSA: /home/francesco/Develop/_/parrot0/tests/fixtures/prose/ladder/r300.txt — 299 parole (piolo 0) ═══
    A coral reef is an underwater ecosystem characterized by reef-building corals. Reefs are formed 
    of colonies of coral polyps held together by calcium carbonate. Most coral reefs are built from 
    stony corals, whose polyps cluster in groups. Coral belongs to the class Anthozoa in the animal 
    phylum Cnidaria, which includes sea anemones and jellyfish. Unlike sea anemones, corals secrete 
    hard carbonate exoskeletons that support and protect the coral. Most reefs grow best in warm, 
    shallow, clear, sunny, and agitated water. Coral reefs first appeared 485 million years ago, at 
    the dawn of the Early Ordovician, displacing the microbial and sponge reefs of the Cambrian. 
    Sometimes called rainforests of the sea, shallow coral reefs form some of Earth's most diverse 
    ecosystems. They occupy less than 0.1% of the world's ocean area, about half the area of 
    France. Yet, they provide a home for at least 25% of all marine species, including fish, 
    mollusks, worms, crustaceans, echinoderms, sponges, tunicates and other cnidarians. Coral reefs 
    flourish in ocean waters that provide few nutrients. They are most commonly found at shallow 
    depths in tropical waters, but deep water and cold water coral reefs exist on smaller scales in 
    other areas. Shallow tropical coral reefs have declined by 50% since 1950, partly because they 
    are sensitive to water conditions. They are under threat from excess nutrients (nitrogen and 
    phosphorus), rising ocean heat content and acidification, overfishing (e.g., from blast 
    fishing, cyanide fishing, spearfishing on scuba), sunscreen use, and harmful land-use 
    practices, including runoff and seeps (e.g., from injection wells and cesspools). Coral reefs 
    deliver ecosystem services for tourism, fisheries, and shoreline protection. The annual global 
    economic value of coral reefs has been estimated at anywhere from US$30–375 billion (1997 and 
    2003 estimates) to US$2.7 trillion (a 2020 estimate) to US$9.9 trillion (a 2014 estimate).

(passo 1 saltato: P0_PROBE_STEP2=1)

─── PASSO 2 · legge tutta la prosa, poi risponde. La risposta E' nel testo ───

  banco: 62 domande nel merito, 417 parole per 299 di testo (margine 1.25: ok).

  DOMANDA                            SPECIE     ESITO  RISPOSTA
  ────────────────────────────────────────────────────────────────────────────────
  what is a coral reef?              merito     ✓    coral reef is classed as underwater ecosystem.
  what is a reef?                    merito     ✓    coral reef is classed as underwater ecosystem.
  what kind of ecosystem is a cora   merito     ✓    coral reef is classed as underwater ecosystem.
  what is a coral reef characteriz   merito     ✓    reef-building corals.
  what are reefs formed of?          merito     ·     some of earth's most diverse ecosystems.
  what are reefs made of?            merito     ✓    Colonies.
  what are colonies of coral polyp   merito     ✓    calcium carbonate.
  what holds coral polyps together   merito     ✓    calcium carbonate.
  what are most coral reefs built    merito     ✓    stony corals.
  what are stony corals?             merito     ✓    I have no definition of it, but I read: most coral reefs are b
  where do the polyps of stony cor   merito     ·     Hmm, I don't know about polyps yet.
  what class does coral belong to?   merito     ✓    class anthozoa.
  what does coral belong to?         merito     ✓    Class anthozoa.
  what phylum does coral belong to   merito     ✓    animal phylum cnidaria.
  what does the phylum cnidaria in   merito     ✓    sea anemones.
  what do corals secrete?            merito     ✓    Hard carbonate exoskeletons.
  what do corals secrete that prot   merito     ✓    Hard carbonate exoskeletons.
  what protects the corals?          merito     ✓    Hard carbonate exoskeletons.
  what supports the corals?          merito     ✓    Hard carbonate exoskeletons.
  where do most reefs grow best?     merito     ·     I don't understand that yet.
  in what kind of water do reefs g   merito     ·     I'm not sure I followed. Can you say it another way?
  when did coral reefs first appea   merito     ✓    485 million years ago.
  how long ago did coral reefs fir   merito     ✓    485 million years ago.
  what appeared 485 million years    merito     ✓    coral reefs first.
  what are shallow coral reefs som   merito     ✓    rainforests.
  what do shallow coral reefs form   merito     ✓    some of earth's most diverse ecosystems.
  how much of the world ocean area   merito     ✓    less than 0.1 percent of the world's ocean area.
  what do coral reefs occupy?        merito     ✓    less than 0.1 percent of the world's ocean area.
  what do coral reefs provide a ho   merito     ✓    at least 25 percent of all marine species.
  how many marine species do reefs   merito     ✓    at least 25 percent of all marine species.
  what lives in coral reefs?         merito     ·     I don't understand that yet.
  where do coral reefs flourish?     merito     ✓    ocean waters.
  what do those ocean waters provi   merito     ✓    few nutrients.
  where are coral reefs most commo   merito     ✓    shallow depths.
  at what depths are reefs commonl   merito     ✓    shallow depths.
  what have shallow tropical coral   merito     ✓    50 percent.
  since when have coral reefs decl   merito     ✓    1950.
  what are coral reefs sensitive t   merito     ·     water.
  what threatens coral reefs?        merito     ✓    excess nutrients.
  what are coral reefs under threa   merito     ✓    excess nutrients.
  what do excess nutrients include   merito     ✓    Nitrogen and phosphorus.
  what do coral reefs deliver?       merito     ✓    Ecosystem and ecosystem services.
  what do coral reefs deliver serv   merito     ✓    tourism.
  what has been estimated at billi   merito     ✓    annual global economic value of coral reefs.
  what is the annual global econom   merito     ✓    anywhere from us$30–375 billion.
  what is coral?                     merito     ✓    I have no definition of it, but I read: coral belongs to the c
  what is calcium carbonate for?     merito     ✓    holding colonies of coral polyps together.
  what are coral polyps?             merito     ✓    I have no definition of it, but I read: colonies of coral poly
  what do reef-building corals bui   merito     ✓    reefs.
  what kind of corals are most ree   merito     ✓    stony corals.
  what do coral polyps form coloni   merito     ·     I don't know: nothing I hold says coral polyps form colonies o
  in what water do coral reefs gro   merito     ·     I don't understand that yet.
  what did coral reefs displace wh   merito     ·     I don't know: nothing I hold says coral reefs displace when th
  at the dawn of which period did    merito     ·     Hmm, I don't know about period yet. Want me to learn about it?
  what area do coral reefs occupy    merito     ·     I don't know about «half of» here: what I read is that coral
  what percentage of marine specie   merito     ✓    at least 25 percent of all marine species.
  what other cnidarians live in co   merito     ·     Hmm, I don't know about cnidarians yet. Want me to learn about
  where do deep water and cold wat   merito     ·     I don't understand that yet.
  what kind of fishing threatens c   merito     ·     Hmm, I don't know about threatens yet. Want me to learn about 
  what land-use practices threaten   merito     ·     Hmm, I don't know about land-use yet. Want me to learn about i
  what was the economic value of c   merito     ·     I don't know about «in 2020» here: what I read is that econo
  what was the economic value of c   merito     ·     I don't know about «in 2014» here: what I read is that econo
  how many sentences does the text   struttura  ✓    The text has 16 sentences.
  how many words does the text hav   struttura  ✓    The text has 299 words.
  what is the first sentence?        struttura  ✓    It begins: A coral reef is an underwater ecosystem characteriz
  how does the text begin?           struttura  ✓    It begins: A coral reef is an underwater ecosystem characteriz
  what is the last sentence?         struttura  ✓    It ends: The annual global economic value of coral reefs has b
  what is this text about?           meta       ✓    The text is about A coral reef.
  what is the topic?                 meta       ✓    The text is about A coral reef.
  ────────────────────────────────────────────────────────────────────────────────
  merito     45/62
  meta       2/2
  struttura  5/5

  52 domande su 69 hanno ricevuto quello che il testo dice.
  ⛔ CANCELLO: 282 parole di domande nel merito risolte, ne servono piu' di 299 (mancano 18).
  ⛔ 17 restano senza: la risposta E' nel testo, e il lettore non la porta.


--- full engine output ---
parrot0 [gen510-riparazioni@f50cdfe5]
mode: agent (tools on, network off) - 156593 facts, 4983 rules (3.18%)
say something ('/quit' to exit, '/save' to persist, '/restore' to reload the KB from disk)

>>> I don't know much about coral reef yet, and the network is off, so I can't read about it now.
>>> I don't know much about reef yet, and the network is off, so I can't read about it now.
>>> Hmm, I don't know about coral reef yet. Want me to learn about it?
>>> I don't know: nothing I hold says coral reef characterizeed by by, and nothing says it isn't so. Tell me either way and I will hold it.
>>> I don't know: nothing I hold says reefs formed of, and nothing says it isn't so. Tell me either way and I will hold it.
>>> I don't know: nothing I hold says reefs makeed of of, and nothing says it isn't so. Tell me either way and I will hold it.
>>> I don't know: nothing I hold says colonies of coral polyps holded together together by, and nothing says it isn't so. Tell me either way and I will hold it.
>>> Hmm, I don't know about polyps yet. Want me to learn about it?
>>> I don't understand that yet.
>>> I don't know much about stony corals yet, and the network is off, so I can't read about it now.
>>> Hmm, I don't know about polyps yet.
>>> Hmm, I don't know about belong yet. Want me to learn about it?
>>> I don't know: nothing I hold says coral belong to, and nothing says it isn't so. Tell me either way and I will hold it.
>>> Hmm, I don't know about phylum yet. Want me to learn about it?
>>> Hmm, I don't know about phylum cnidaria yet. Want me to learn about it?
>>> Hmm, I don't know about corals yet. Want me to learn about it?
>>> Who or what does «them» refer to?
>>> Hmm, I don't know about protects yet. Want me to learn about it?
>>> Hmm, I don't know about corals yet.
>>> I don't understand that yet.
>>> I'm not sure I followed. Can you say it another way?
>>> I am not sure what you mean by «first». Could you give me more context?
>>> I am not sure what you mean by «first». Could you give me more context?
>>> Hmm, I don't know about appeared yet. Want me to learn about it?
>>> I don't know much about shallow coral reefs sometimes called yet, and the network is off, so I can't read about it now.
>>> Hmm, I don't know about shallow yet. Want me to learn about it?
>>> Hmm, I don't know about world ocean area yet. Want me to learn about it?
>>> Hmm, I don't know about occupy yet. Want me to learn about it?
>>> I don't know: nothing I hold says coral reefs provide home for, and nothing says it isn't so. Tell me either way and I will hold it.
>>> Hmm, I don't know about marine yet. Want me to learn about it?
>>> I don't understand that yet.
>>> Hmm, I don't know about flourish yet. Want me to learn about it?
>>> I don't actually see or experience things, but I can describe it: a vast expanse of blue-green water reaching to the horizon, its surface forever moving in waves.
>>> Hmm, I don't know about commonly yet. Want me to learn about it?
>>> Hmm, I don't know about depths yet. Want me to learn about it?
>>> Hmm, I don't know about shallow yet.
>>> Hmm, I don't know about declined yet. Want me to learn about it?
>>> Hmm, I don't know about sensitive yet. Want me to learn about it?
>>> Hmm, I don't know about threatens yet. Want me to learn about it?
>>> I don't know much about coral reefs yet, and the network is off, so I can't read about it now.
>>> Hmm, I don't know about excess yet. Want me to learn about it?
>>> Hmm, I don't know about deliver yet. Want me to learn about it?
>>> I don't know: nothing I hold says coral reefs deliver services for, and nothing says it isn't so. Tell me either way and I will hold it.
>>> Hmm, I don't know about estimated yet. Want me to learn about it?
>>> Hmm, I don't know about annual yet. Want me to learn about it?
>>> I don't know much about coral yet, and the network is off, so I can't read about it now.
>>> Hmm, I don't know about carbonate yet. Want me to learn about it?
>>> I don't know much about coral polyps yet, and the network is off, so I can't read about it now.
>>> Hmm, I don't know about reef-building yet. Want me to learn about it?
>>> Hmm, I don't know about corals yet.
>>> I don't know: nothing I hold says coral polyps form colonies of, and nothing says it isn't so. Tell me either way and I will hold it.
>>> I don't understand that yet.
>>> Who or what does «they» refer to?
>>> I don't know: nothing I hold says coral reefs displace when appear appeared, and nothing says it isn't so. Tell me either way and I will hold it.
>>> Hmm, I don't know about occupy yet.
>>> Hmm, I don't know about percentage yet. Want me to learn about it?
>>> Hmm, I don't know about cnidarians yet. Want me to learn about it?
>>> I don't understand that yet.
>>> Hmm, I don't know about threatens yet.
>>> Hmm, I don't know about land-use yet. Want me to learn about it?
>>> I don't know: nothing I hold says economic value of coral reefs estimateed at at in 2020, and nothing says it isn't so. Tell me either way and I will hold it.
>>> I don't know: nothing I hold says economic value of coral reefs estimateed at at in 2014, and nothing says it isn't so. Tell me either way and I will hold it.
>>> The text has 0 sentences.
>>> I don't understand that yet.
>>> I am not sure what you mean by «first». Could you give me more context?
>>> I don't understand that yet.
>>> I don't know much about last sentence yet, and the network is off, so I can't read about it now.
>>> I don't have the text you mean — paste it here and I'll work on it.
>>> I don't know much about topic yet, and the network is off, so I can't read about it now.
>>> 
parrot0: bye
parrot0 [gen510-riparazioni@f50cdfe5]
mode: agent (tools on, network off) - 156593 facts, 4983 rules (3.18%)
say something ('/quit' to exit, '/save' to persist, '/restore' to reload the KB from disk)

>>> Learned: coral reef is an underwater ecosystem. Learned: coral reef characterize reef-building corals. Learned: reefs made of colonies. Learned: colonies of coral polyps held together by calcium carbonate. Learned: coral reefs made of stony corals. Learned: coral belong class anthozoa. Learned: class anthozoa belong animal phylum cnidaria. Learned: animal phylum cnidaria includes sea anemones. Learned: corals secrete hard carbonate exoskeletons. Learned: hard carbonate exoskeletons support coral. Learned: hard carbonate exoskeletons protect coral. Learned: reefs grow best. bread. Learned: coral reefs first appear 485 million years ago. Learned: shallow coral reefs form some of earth's most diverse ecosystems. Learned: shallow coral reefs call rainforests. Learned: shallow coral reefs occupy less than 0.1 percent of the world's ocean area. Learned: shallow coral reefs provide home. Learned: shallow coral reefs provideed for at least 25 percent of all marine species. Learned: marine species includes fish. Learned: coral reefs flourish ocean waters. Learned: ocean waters provide few nutrients. Learned: coral reefs is located in shallow depths. Learned: shallow tropical coral reefs declined by 50 percent. Learned: shallow tropical coral reefs declined since 1950. Learned: shallow tropical coral reefs is sensitive to water. Learned: excess nutrients threaten shallow tropical coral reefs. Learned: excess nutrients includes nitrogen. Learned: practices includes runoff. Learned: coral reefs deliver ecosystem services. Learned: coral reefs delivered for tourism. Learned: annual global economic value of coral reefs estimated at anywhere from us$30–375 billion.
>>> coral reef is classed as underwater ecosystem.
>>> coral reef is classed as underwater ecosystem.
>>> coral reef is classed as underwater ecosystem.
>>> reef-building corals.
>>> some of earth's most diverse ecosystems.
>>> Colonies.
>>> calcium carbonate.
>>> calcium carbonate.
>>> stony corals.
>>> I have no definition of it, but I read: most coral reefs are built from stony corals.
>>> Hmm, I don't know about polyps yet.
>>> class anthozoa.
>>> Class anthozoa.
>>> animal phylum cnidaria.
>>> sea anemones.
>>> Hard carbonate exoskeletons.
>>> Hard carbonate exoskeletons.
>>> Hard carbonate exoskeletons.
>>> Hard carbonate exoskeletons.
>>> I don't understand that yet.
>>> I'm not sure I followed. Can you say it another way?
>>> 485 million years ago.
>>> 485 million years ago.
>>> coral reefs first.
>>> rainforests.
>>> some of earth's most diverse ecosystems.
>>> less than 0.1 percent of the world's ocean area.
>>> less than 0.1 percent of the world's ocean area.
>>> at least 25 percent of all marine species.
>>> at least 25 percent of all marine species.
>>> I don't understand that yet.
>>> ocean waters.
>>> few nutrients.
>>> shallow depths.
>>> shallow depths.
>>> 50 percent.
>>> 1950.
>>> water.
>>> excess nutrients.
>>> excess nutrients.
>>> Nitrogen and phosphorus.
>>> Ecosystem and ecosystem services.
>>> tourism.
>>> annual global economic value of coral reefs.
>>> anywhere from us$30–375 billion.
>>> I have no definition of it, but I read: coral belongs to the class anthozoa, I have no definition of it, but I read: hard carbonate exoskeletons support the coral and I have no definition of it, but I read: hard carbonate exoskeletons protect the coral.
>>> holding colonies of coral polyps together.
>>> I have no definition of it, but I read: colonies of coral polyps held together by calcium carbonate.
>>> reefs.
>>> stony corals.
>>> I don't know: nothing I hold says coral polyps form colonies of, and nothing says it isn't so. Tell me either way and I will hold it.
>>> I don't understand that yet.
>>> I don't know: nothing I hold says coral reefs displace when they appeared, and nothing says it isn't so. Tell me either way and I will hold it.
>>> Hmm, I don't know about period yet. Want me to learn about it?
>>> I don't know about «half of» here: what I read is that coral reefs occupy less than 0.1 percent of the world's ocean area.
>>> at least 25 percent of all marine species.
>>> Hmm, I don't know about cnidarians yet. Want me to learn about it?
>>> I don't understand that yet.
>>> Hmm, I don't know about threatens yet. Want me to learn about it?
>>> Hmm, I don't know about land-use yet. Want me to learn about it?
>>> I don't know about «in 2020» here: what I read is that economic value of coral reefs estimated at anywhere from us$30–375 billion.
>>> I don't know about «in 2014» here: what I read is that economic value of coral reefs estimated at anywhere from us$30–375 billion.
>>> The text has 16 sentences.
>>> The text has 299 words.
>>> It begins: A coral reef is an underwater ecosystem characterized by reef-building corals
>>> It begins: A coral reef is an underwater ecosystem characterized by reef-building corals
>>> It ends: The annual global economic value of coral reefs has been estimated at anywhere from US$30–375 billion (1997 and 2003 estimates) to US$2.7 trillion (a 2020 estimate) to US$9.9 trillion (a 2014 estimate).
>>> The text is about A coral reef.
>>> The text is about A coral reef.
>>> 
parrot0: bye
