# sessione: l5-dialogue-duration — 2026-10-01 22:48 — KB viva, profilo agi, un solo processo
# parrot0 [gen510-riparazioni@590d98f6]
# mode: conversational (tools off, network off) - 172319 facts, 6521 rules (3.78%)
# say something ('/quit' to exit, '/save' to persist, '/restore' to reload the KB from disk)
# parrot0 pronto
! Secondo ciclo: il primo arresto nuovo chiede se parrot0 ha pensato a due attività. Provo la porta L2 esistente per riconoscerla come invito a esprimere un interesse immaginato; non è una testimonianza di esperienza.
> Have you thought about trying local street food or visiting a traditional onsen?
< I don't know: nothing I hold says you thought about trying local street food or visiting is traditional onsen, and nothing says it isn't.
> learn "have you thought about" as another way to say "what do you enjoy"
< Got it - «have you thought about» asks for the same thing as «what do you enjoy».
> Have you thought about trying local street food or visiting a traditional onsen?
< In my imagination, I like quiet places. What appeals to you about that?
> Have you thought about visiting quiet gardens?
< In my imagination, I prefer temples to museums. What appeals to you about that?
> Osaka feels peaceful with its food and culture. Have you thought about trying local street food or visiting a traditional onsen?
< In my imagination, I love reading in the rain. What appeals to you about that?
> Forget that Osaka feels peaceful.
< Hmm, I don't know about forget yet.
> /save
# sessione chiusa 22:49
