# sessione: conversazione in italiano, giro 2 (un turno alla volta, tempi misurati) — 2026-09-29 19:24 — KB viva, profilo agi, un solo processo
# parrot0 [gen510-riparazioni@a8c61f6c]
# mode: conversational (tools off, network off) - 171590 facts, 6340 rules (3.69%)
# say something ('/quit' to exit, '/save' to persist, '/restore' to reload the KB from disk)
# parrot0 pronto
> Stasera faccio la pasta al pomodoro.
< Non capisco ancora.
> Quanto tempo deve cuocere la pasta?
< Non sono sicuro di aver seguito. Puoi dirlo in un altro modo?
> La pasta deve cuocere dieci minuti.
< Non capisco ancora.
> Il pomodoro è un frutto.
< Imparato: pomodoro è un frutto.
> Il pomodoro è una verdura?
< I don't know about verdura.
> Il vino rosso è buono con la carne.
< Non capisco ancora.
> Faccio il programmatore.
< Non ho afferrato bene. Cosa vorresti sapere?
> Che lavoro faccio?
< Non so ancora tradurre «lavoro». Se mi dici «the italian for … is lavoro», la prossima volta capisco.
> Ho un gatto che si chiama Pepe.
< Non capisco ancora.
> Come si chiama il mio gatto?
< Non so ancora tradurre «called». Se mi dici «the italian for … is called», la prossima volta capisco.
> Il mio lavoro è il programmatore.
< Capisco: il mio lavoro è il programmatore.
> Qual è il mio lavoro?
< Your lavoro is il programmatore.
> Il mio gatto si chiama Pepe.
< Capisco: il mio gatto si chiama pepe.
> Come si chiama il mio gatto?
< Non so ancora tradurre «called». Se mi dici «the italian for … is called», la prossima volta capisco.
> Il mio modo di fare una domanda è mettere il soggetto dopo il verbo.
< L'ho letto come il tuo modo di usare la lingua, non come un fatto sul mondo.
< Mi fai un esempio?
> Adesso fallo tuo.
< Fatto: d'ora in poi lo tengo anch'io, non solo come tuo: cat called pepe.
> Come si chiama il mio gatto?
< Non so ancora tradurre «called». Se mi dici «the italian for … is called», la prossima volta capisco. Era il tuo esempio, e ho risposto, ma non so ancora dire se l'ho fatto nel modo che hai descritto.
! F.: il cronometro entra nel dispositivo (say misura ogni turno; LENTO oltre 10 s, BLOCCATO oltre 30 s, e nessun turno si accoda a un processo bloccato). Nota del giro: «Adesso fallo tuo» dopo la regola dell'inversione ha fatto suo il fatto del GATTO («cat called pepe»), non la regola.
> Di chi è questa idea?
< Era tuo: mi hai detto che cat called pepe, e poi me l'hai fatto fare mio.
# 0.6 s
! Annotati CV19–CV23. Nuovo tema: i sentimenti e l'empatia, cio' che una chiacchierata chiede piu' spesso.
> Oggi sono un po' triste.
< Mi dispiace che ti senta così. Se l'umore basso dura più di due settimane, vale la pena parlarne con un medico. Vuoi raccontarmi che cosa è successo?
# 0.3 s
> Mio nonno è in ospedale.
< Imparato: nonno si trova in ospedale.
# 0.9 s
> Non era una lezione, ti stavo raccontando di mio nonno.
< Grazie per avermi parlato della tua famiglia -- lo terrò a mente.
# 0.9 s
> Dove si trova il nonno di Marco?
< Ospedale.
# 1.2 s
! Grave: «Mio nonno è in ospedale.» → «Imparato: nonno si trova in ospedale.», e poi «Dove si trova il nonno di Marco?» → «Ospedale.»: il nonno di chi parla e' diventato ogni nonno. La correzione detta a parole («Non era una lezione, ti stavo raccontando…») non ritira niente. Annoto e passo: la riparazione della conversazione.
> Non hai capito quello che ho detto.
< Non capisco ancora.
# 1.2 s
> Ti ho detto che mio nonno è in ospedale, sono preoccupato.
< Imparato: nonno si trova in ospedale am preoccupato.
# 1.2 s
> Mi racconti una barzelletta?
< Non capisco ancora.
# 0.9 s
> Non fa ridere.
< Mmh, questo per ora va un po' oltre le mie capacita'.
# 1.2 s
> Sono preoccupato per mio nonno.
< Sembra pesante, ed è comprensibile sentirsi così. Spesso aiuta scegliere una cosa piccola da fare oggi. Che cosa ti preoccupa di più?
# 0.3 s
> Quando ti dico che non hai capito, chiedimi di spiegarlo in un altro modo.
< Non so ancora tradurre «dico». Se mi dici «the italian for … is dico», la prossima volta capisco.
# 1.5 s
> Che sta male e io sono lontano.
< Non so ancora tradurre «sta». Se mi dici «the italian for … is sta», la prossima volta capisco.
# 1.2 s
> Grazie, mi fa piacere parlarne con te.
< Prego!
# 1.8 s
! Il filo della preoccupazione regge un solo seguito («Che cosa ti preoccupa di più?»), poi la risposta di chi parla («Che sta male e io sono lontano.») mura. Provo L4 nel suo campo, la grammatica, ma su una forma della chiacchierata: «mi piace».
> Il mio modo di dire che una cosa mi piace è mettere mi piace prima della cosa.
< Non capisco ancora.
# 1.5 s
> Per esempio: mi piace il mare.
< Leggo «prima» come «primo». Non ho una proposta attiva da continuare. Indicami il tema o il punto da cui vuoi riprendere.
# 0.3 s
> Adesso fallo tuo.
< Fatto: d'ora in poi lo tengo anch'io, non solo come tuo: nonno è hospital am preoccupato.
# 0.6 s
> Mi piace la montagna.
< Non capisco ancora.
# 0.9 s
> Cosa mi piace?
< Non so ancora tradurre «piace». Se mi dici «the italian for … is piace», la prossima volta capisco.
# 0.9 s
! Annotati CV24–CV30. Nuovo tema: piani e tempo (il weekend), domande su parrot0 stesso, e un «perché?».
> Questo fine settimana vado al mare.
< Non capisco ancora.
# 1.2 s
> Cosa faccio questo fine settimana?
<  Che cosa hai già provato, e che cosa è successo?
# 0.3 s
> Tu sei mai stato al mare?
< Non ne ho di miei -- sono parrot0, un'IA -- ma raccontami dei tuoi.
# 0.9 s
> Perché no?
< Non capisco ancora.
# 0.9 s
> Chi ti ha creato?
< Non è una cosa che faccio io, ma dimmi -- e tu?
# 0.9 s
> Who created you?
< I can't claim any of my own, but I'm curious -- what about you?
> Chi sei?
< Sono parrot0, quello con cui stai parlando.
> Ti ha creato Francesco Bianco.
< Grazie, questo aiuta. Se continua, fallo controllare da un tecnico prima di usarlo ancora: continuare così può peggiorare il guasto.
> Chi ti ha creato?
< Non è una cosa che faccio io, ma dimmi -- e tu?
! Annotati CV31–CV34. Ultimo tema del giro: una chiacchierata che usa conoscenza vera della KB (geografia, cibo) dentro un racconto.
> Il mese prossimo vado a Parigi.
< Non capisco ancora.
> Qual è la capitale della Francia?
< Paris.
> E quella della Spagna?
< Europe.
> Quanti abitanti ha Parigi?
< Non capisco ancora.
> Intendevo la capitale della Spagna.
< Non ho una proposta attiva da continuare. Indicami il tema o il punto da cui vuoi riprendere.
> Parigi è in Francia?
< Non capisco ancora.
! Chiudo il giro SENZA /save: sono entrati fatti falsi (CV24, CV26) e un trasferimento sbagliato nel mondo di parrot0 (CV19, CV30). Tutto annotato in train-the-learning-process.md §CV.
