# sessione: L5 imprint: il tocco debole, le parole leggere — 2026-10-02 00:08 — KB viva, profilo agi, un solo processo
# parrot0 [gen510-riparazioni@53767c17]
# mode: conversational (tools off, network off) - 172893 facts, 6606 rules (3.82%)
# say something ('/quit' to exit, '/save' to persist, '/restore' to reload the KB from disk)
# parrot0 pronto
! le due parole che nel giro hanno toccato il tratto sbagliato: «feels» -> cannot feel the rain, «fascinating» -> old maps
> the word feel is a light word.
< Learned: feel is a light word.
> the word fascinating is a light word.
< Learned: fascinating is a light word.
! le stesse domande del giro, piu' la ripetizione
> Osaka feels peaceful with its food and culture. Have you thought about trying local street food?
< I stopped because the search exceeded my inference time limit. I do not have a verified answer.
# LENTO: 10,2 s (soglia 10 s)
> What do you find most fascinating about machines?
< In my imagination, I wonder whether a machine can have a character of its own. What do you think?
> Do you like being outside?
< In reality, I cannot go outside. In my imagination, I love being outside early in the morning. What appeals to you about that?
> Do you like being outside?
< That is all I picture about that so far. What about you?
> Do you like being outside?
< That is all I picture about that so far. What about you?
> What's on your mind now?
< I have not pictured that yet. In my imagination, I like quiet places. What appeals to you about that?
> What's on your mind now?
< I have not pictured that yet. In my imagination, I prefer temples to museums. What about you?
> /save
# sessione chiusa 00:08
