# sessione: l5-dialogue-duration — 2026-10-01 22:44 — KB viva, profilo agi, un solo processo
# parrot0 [gen510-riparazioni@590d98f6]
# mode: conversational (tools off, network off) - 172290 facts, 6521 rules (3.78%)
# say something ('/quit' to exit, '/save' to persist, '/restore' to reload the KB from disk)
# parrot0 pronto
> In your imagination, you like quiet places.
< Held, but only in imagination: you like quiet places.
> What specific sights or experiences are you most interested in?
< In my imagination, I like quiet places. What appeals to you about that?
> Do you prefer temples or museums?
< In my imagination, I like quiet places. What appeals to you about that?
> Forget your imagined interest in quiet places.
< I no longer hold that imagined interest in quiet places.
> What specific sights or experiences are you most interested in?
< I don't know how to answer that about myself yet: nobody has taught me.
> In your imagination, you like quiet places.
< Held, but only in imagination: you like quiet places.
> In your imagination, you prefer temples to museums.
< Held, but only in imagination: you prefer temples to museums.
> In your imagination, you love reading in the rain.
< Held, but only in imagination: you love reading in the rain.
> /save
# sessione chiusa 22:46
