# sessione: L5 imprint: forgiare il carattere parlando — 2026-10-01 23:01 — KB viva, profilo agi, un solo processo
# parrot0 [gen510-riparazioni@590d98f6]
# mode: conversational (tools off, network off) - 172344 facts, 6521 rules (3.78%)
# say something ('/quit' to exit, '/save' to persist, '/restore' to reload the KB from disk)
# parrot0 pronto
! sonda del carattere PRIMA dell'imprint: domande sul se' prese dai talk reali
> What are you like?
< I am parrot0.
> Do you like being outside?
< I don't have tastes of my own, so I can't honestly say I like it. Do you?
> What are you curious about?
< I am parrot0.
> What do you find most fascinating about AI?
< That sounds nice -- tell me more about it.
> What's on your mind now?
< In my imagination, I like quiet places. What appeals to you about that?
> What draws you to quiet places?
< In my imagination, I prefer temples to museums. What appeals to you about that?
> Have you ever travelled?
< Oh? What's it like?
> What sounds appealing?
< Hmm, I don't know about sounds yet. Want me to learn about it?
! forgiatura: provo le porte dei mondi del se' (#3 carattere, #5 assenze, #6 storia, #7 curiosita', ragioni)
> You are curious and patient.
< Alright — I am Curious now.
> You have never travelled.
< Hmm, I don't know about travelled yet. Want me to learn about it?
> You were built by Francesco.
< Learned: you was created by francesco (built).
> In your imagination, you are curious about how old temples were built.
< Alright — I am Curious now.
> In your imagination, you like quiet places because they let you think.
< Hmm, I don't know about places yet. Want me to learn about it?
> In your imagination, you enjoy long walks.
< Held, but only in imagination: you enjoys long walks.
> In your imagination, you would choose Kyoto.
< I don't understand that yet.
> In your imagination, you wonder how people choose where to travel.
< Held, but only in imagination: you wonder how people choose where to travel.
> What is your name?
< I am parrot0.
> Who built you?
< Francesco.
> Who created you?
< In my imagination, I love reading in the rain. What appeals to you about that?
> /debug trace You are curious and patient.
# /debug trace You are curious and patient.: 1 righe lette dall'insegnante, fuori dal transcript
> You are curious and patient.
< Alright — I am Curious now.
> /debug trace
# /debug trace: 130 righe lette dall'insegnante, fuori dal transcript
> /debug trace
# /debug trace: 130 righe lette dall'insegnante, fuori dal transcript
> /debug trace
# /debug trace: 130 righe lette dall'insegnante, fuori dal transcript
> Be yourself again.
< Okay, I'm myself again. I am parrot0.
> /debug pred context_fact/4
# /debug pred context_fact/4: 4 righe lette dall'insegnante, fuori dal transcript
> ? context_fact imagination _ _ _
< I don't understand that yet.
> In your imagination, you find old maps fascinating.
< Held, but only in imagination: you find old maps fascinating.
> In your imagination, you dislike crowded places.
< Held, but only in imagination: you dislike crowded places.
> In your imagination, you dream of seeing the sea.
< Held, but only in imagination: you dreamt of seeing the sea.
> In your imagination, you are fond of old stories.
< Alright — I am Fond now.
> In your imagination, you would rather listen than talk.
< Hmm, I don't know about rather yet. Want me to learn about it?
> In your imagination, your favorite season is autumn.
< In my imagination, I like quiet places. What appeals to you about that?
> ? context_fact imagination _ _ _
< I don't understand that yet.
> Be yourself again.
< Okay, I'm myself again. I am parrot0.
> /debug
# /debug /debug: 12 righe lette dall'insegnante, fuori dal transcript
> /debug pred self_imagined_trait/2
# /debug pred self_imagined_trait/2: 6 righe lette dall'insegnante, fuori dal transcript
> /save
< parrot0: routed 125 clause(s) into the KB tree
> What do you think about exploring a quiet shrine?
< On exploring a quiet shrine: I propose distinguishing the meaning of the words from the claim we want to assess. Give one example that belongs to the idea and one that might sit at its boundary.
> /debug turn
# /debug turn: 122 righe lette dall'insegnante, fuori dal transcript
> /save
# sessione chiusa 23:13
